Traceback (most recent call last):
  File "C:\Users\U727148\AppData\Local\anaconda3\lib\site-packages\jupyter_cache\executors\utils.py", line 58, in single_nb_execution
    executenb(
  File "C:\Users\U727148\AppData\Local\anaconda3\lib\site-packages\nbclient\client.py", line 1305, in execute
    return NotebookClient(nb=nb, resources=resources, km=km, **kwargs).execute()
  File "C:\Users\U727148\AppData\Local\anaconda3\lib\site-packages\jupyter_core\utils\__init__.py", line 165, in wrapped
    return loop.run_until_complete(inner)
  File "C:\Users\U727148\AppData\Local\anaconda3\lib\asyncio\base_events.py", line 647, in run_until_complete
    return future.result()
  File "C:\Users\U727148\AppData\Local\anaconda3\lib\site-packages\nbclient\client.py", line 705, in async_execute
    await self.async_execute_cell(
  File "C:\Users\U727148\AppData\Local\anaconda3\lib\site-packages\nbclient\client.py", line 1058, in async_execute_cell
    await self._check_raise_for_error(cell, cell_index, exec_reply)
  File "C:\Users\U727148\AppData\Local\anaconda3\lib\site-packages\nbclient\client.py", line 914, in _check_raise_for_error
    raise CellExecutionError.from_cell_and_msg(cell, exec_reply_content)
nbclient.exceptions.CellExecutionError: An error occurred while executing the following cell:
------------------
import matplotlib.pyplot as plt
import pandas as pd

# Assuming df_lca_outcomes is your DataFrame
data = df_lca_outcomes['solution (no. of groups and distribution)'].value_counts()

# Define pastel colors
colors = ['#FFC1C1', '#FF6961', '#FFB2A7', '#FFDAC1', '#FF928B']

# Create the pie chart
plt.figure(figsize=(8, 8))
plt.pie(data, labels=data.index, autopct='%1.1f%%', startangle=140, colors=colors, textprops={'fontsize': 20})


# Add a title
plt.title('Distribution of Number of Classes')

# Show the plot
plt.show()

------------------


[1;31m---------------------------------------------------------------------------[0m
[1;31mNameError[0m                                 Traceback (most recent call last)
[1;32m~\AppData\Local\Temp\ipykernel_1408\1230812734.py[0m in [0;36m<module>[1;34m[0m
[0;32m      3[0m [1;33m[0m[0m
[0;32m      4[0m [1;31m# Assuming df_lca_outcomes is your DataFrame[0m[1;33m[0m[1;33m[0m[0m
[1;32m----> 5[1;33m [0mdata[0m [1;33m=[0m [0mdf_lca_outcomes[0m[1;33m[[0m[1;34m'solution (no. of groups and distribution)'[0m[1;33m][0m[1;33m.[0m[0mvalue_counts[0m[1;33m([0m[1;33m)[0m[1;33m[0m[1;33m[0m[0m
[0m[0;32m      6[0m [1;33m[0m[0m
[0;32m      7[0m [1;31m# Define pastel colors[0m[1;33m[0m[1;33m[0m[0m

[1;31mNameError[0m: name 'df_lca_outcomes' is not defined

