Traceback (most recent call last):
  File "C:\Users\U727148\AppData\Local\anaconda3\lib\site-packages\jupyter_cache\executors\utils.py", line 58, in single_nb_execution
    executenb(
  File "C:\Users\U727148\AppData\Local\anaconda3\lib\site-packages\nbclient\client.py", line 1305, in execute
    return NotebookClient(nb=nb, resources=resources, km=km, **kwargs).execute()
  File "C:\Users\U727148\AppData\Local\anaconda3\lib\site-packages\jupyter_core\utils\__init__.py", line 165, in wrapped
    return loop.run_until_complete(inner)
  File "C:\Users\U727148\AppData\Local\anaconda3\lib\asyncio\base_events.py", line 647, in run_until_complete
    return future.result()
  File "C:\Users\U727148\AppData\Local\anaconda3\lib\site-packages\nbclient\client.py", line 705, in async_execute
    await self.async_execute_cell(
  File "C:\Users\U727148\AppData\Local\anaconda3\lib\site-packages\nbclient\client.py", line 1058, in async_execute_cell
    await self._check_raise_for_error(cell, cell_index, exec_reply)
  File "C:\Users\U727148\AppData\Local\anaconda3\lib\site-packages\nbclient\client.py", line 914, in _check_raise_for_error
    raise CellExecutionError.from_cell_and_msg(cell, exec_reply_content)
nbclient.exceptions.CellExecutionError: An error occurred while executing the following cell:
------------------
import plotly.graph_objects as go
import pandas as pd

# Assuming df_sankey_models_transformed already exists with 'gm', 'mit', 'oa'

# 1. Create unique labels
labels = list(pd.concat([
    df_sankey_models_transformed['gm'], 
    df_sankey_models_transformed['mit'], 
    df_sankey_models_transformed['oa']
]).unique())

# 2. Map labels to indices
label_map = {label: idx for idx, label in enumerate(labels)}

# 3. Define sources, targets, and values
sources = df_sankey_models_transformed['gm'].map(label_map).tolist() + \
          df_sankey_models_transformed['mit'].map(label_map).tolist()

targets = df_sankey_models_transformed['mit'].map(label_map).tolist() + \
          df_sankey_models_transformed['oa'].map(label_map).tolist()

values = df_sankey_models_transformed['gm_count'].tolist() + \
         df_sankey_models_transformed['oa_count'].tolist()

# 4. Generate pastel colors
import random

def pastel_color():
    r = lambda: random.randint(100, 255)
    return f'rgba({r()},{r()},{r()},0.6)'

label_to_color = {label: pastel_color() for label in labels}
node_color_list = [label_to_color[label] for label in labels]

# 5. Set link colors by source node's color (first half) and middle node (second half)
link_colors = [label_to_color[df_sankey_models_transformed['gm'].iloc[i]] 
               for i in range(len(df_sankey_models_transformed))] + \
              [label_to_color[df_sankey_models_transformed['mit'].iloc[i]] 
               for i in range(len(df_sankey_models_transformed))]

# 7. Create the figure
fig = go.Figure(data=[go.Sankey(
    node=dict(
        pad=15,
        thickness=20,
        line=dict(color="black", width=0.9),
        label=labels,
        color=node_color_list,
        align="left"
    ),
    link=dict(
        source=sources,
        target=targets,
        value=values,
        color=link_colors,
        customdata=df_sankey_models_transformed['nameyear'].tolist() * 2,
        hovertemplate='%{customdata}<extra></extra>'
    )
)])

fig.update_layout(
    title_text="Sankey Diagram for model types",
    font_size=16.5,
    width=1500,
    height=800,
    hovermode='x'
)
fig.show()

fig.write_html("C:/Users/U727148/SSSP_ECE_poster/figures/sankey_models_plot.html", include_plotlyjs="cdn")
------------------


[1;31m---------------------------------------------------------------------------[0m
[1;31mFileNotFoundError[0m                         Traceback (most recent call last)
[1;32m~\AppData\Local\Temp\ipykernel_18264\1555391615.py[0m in [0;36m<module>[1;34m[0m
[0;32m     69[0m [0mfig[0m[1;33m.[0m[0mshow[0m[1;33m([0m[1;33m)[0m[1;33m[0m[1;33m[0m[0m
[0;32m     70[0m [1;33m[0m[0m
[1;32m---> 71[1;33m [0mfig[0m[1;33m.[0m[0mwrite_html[0m[1;33m([0m[1;34m"C:/Users/U727148/SSSP_ECE_poster/figures/sankey_models_plot.html"[0m[1;33m,[0m [0minclude_plotlyjs[0m[1;33m=[0m[1;34m"cdn"[0m[1;33m)[0m[1;33m[0m[1;33m[0m[0m
[0m
[1;32m~\AppData\Local\anaconda3\lib\site-packages\plotly\basedatatypes.py[0m in [0;36mwrite_html[1;34m(self, *args, **kwargs)[0m
[0;32m   3712[0m         [1;32mimport[0m [0mplotly[0m[1;33m.[0m[0mio[0m [1;32mas[0m [0mpio[0m[1;33m[0m[1;33m[0m[0m
[0;32m   3713[0m [1;33m[0m[0m
[1;32m-> 3714[1;33m         [1;32mreturn[0m [0mpio[0m[1;33m.[0m[0mwrite_html[0m[1;33m([0m[0mself[0m[1;33m,[0m [1;33m*[0m[0margs[0m[1;33m,[0m [1;33m**[0m[0mkwargs[0m[1;33m)[0m[1;33m[0m[1;33m[0m[0m
[0m[0;32m   3715[0m [1;33m[0m[0m
[0;32m   3716[0m     [1;32mdef[0m [0mto_image[0m[1;33m([0m[0mself[0m[1;33m,[0m [1;33m*[0m[0margs[0m[1;33m,[0m [1;33m**[0m[0mkwargs[0m[1;33m)[0m[1;33m:[0m[1;33m[0m[1;33m[0m[0m

[1;32m~\AppData\Local\anaconda3\lib\site-packages\plotly\io\_html.py[0m in [0;36mwrite_html[1;34m(fig, file, config, auto_play, include_plotlyjs, include_mathjax, post_script, full_html, animation_opts, validate, default_width, default_height, auto_open, div_id)[0m
[0;32m    533[0m     [1;32mif[0m [0mpath[0m [1;32mis[0m [1;32mnot[0m [1;32mNone[0m[1;33m:[0m[1;33m[0m[1;33m[0m[0m
[0;32m    534[0m         [1;31m# To use a different file encoding, pass a file descriptor[0m[1;33m[0m[1;33m[0m[0m
[1;32m--> 535[1;33m         [0mpath[0m[1;33m.[0m[0mwrite_text[0m[1;33m([0m[0mhtml_str[0m[1;33m,[0m [1;34m"utf-8"[0m[1;33m)[0m[1;33m[0m[1;33m[0m[0m
[0m[0;32m    536[0m     [1;32melse[0m[1;33m:[0m[1;33m[0m[1;33m[0m[0m
[0;32m    537[0m         [0mfile[0m[1;33m.[0m[0mwrite[0m[1;33m([0m[0mhtml_str[0m[1;33m)[0m[1;33m[0m[1;33m[0m[0m

[1;32m~\AppData\Local\anaconda3\lib\pathlib.py[0m in [0;36mwrite_text[1;34m(self, data, encoding, errors)[0m
[0;32m   1283[0m             raise TypeError('data must be str, not %s' %
[0;32m   1284[0m                             data.__class__.__name__)
[1;32m-> 1285[1;33m         [1;32mwith[0m [0mself[0m[1;33m.[0m[0mopen[0m[1;33m([0m[0mmode[0m[1;33m=[0m[1;34m'w'[0m[1;33m,[0m [0mencoding[0m[1;33m=[0m[0mencoding[0m[1;33m,[0m [0merrors[0m[1;33m=[0m[0merrors[0m[1;33m)[0m [1;32mas[0m [0mf[0m[1;33m:[0m[1;33m[0m[1;33m[0m[0m
[0m[0;32m   1286[0m             [1;32mreturn[0m [0mf[0m[1;33m.[0m[0mwrite[0m[1;33m([0m[0mdata[0m[1;33m)[0m[1;33m[0m[1;33m[0m[0m
[0;32m   1287[0m [1;33m[0m[0m

[1;32m~\AppData\Local\anaconda3\lib\pathlib.py[0m in [0;36mopen[1;34m(self, mode, buffering, encoding, errors, newline)[0m
[0;32m   1250[0m         [0mthe[0m [0mbuilt[0m[1;33m-[0m[1;32min[0m [0mopen[0m[1;33m([0m[1;33m)[0m [0mfunction[0m [0mdoes[0m[1;33m.[0m[1;33m[0m[1;33m[0m[0m
[0;32m   1251[0m         """
[1;32m-> 1252[1;33m         return io.open(self, mode, buffering, encoding, errors, newline,
[0m[0;32m   1253[0m                        opener=self._opener)
[0;32m   1254[0m [1;33m[0m[0m

[1;32m~\AppData\Local\anaconda3\lib\pathlib.py[0m in [0;36m_opener[1;34m(self, name, flags, mode)[0m
[0;32m   1118[0m     [1;32mdef[0m [0m_opener[0m[1;33m([0m[0mself[0m[1;33m,[0m [0mname[0m[1;33m,[0m [0mflags[0m[1;33m,[0m [0mmode[0m[1;33m=[0m[1;36m0o666[0m[1;33m)[0m[1;33m:[0m[1;33m[0m[1;33m[0m[0m
[0;32m   1119[0m         [1;31m# A stub for the opener argument to built-in open()[0m[1;33m[0m[1;33m[0m[0m
[1;32m-> 1120[1;33m         [1;32mreturn[0m [0mself[0m[1;33m.[0m[0m_accessor[0m[1;33m.[0m[0mopen[0m[1;33m([0m[0mself[0m[1;33m,[0m [0mflags[0m[1;33m,[0m [0mmode[0m[1;33m)[0m[1;33m[0m[1;33m[0m[0m
[0m[0;32m   1121[0m [1;33m[0m[0m
[0;32m   1122[0m     [1;32mdef[0m [0m_raw_open[0m[1;33m([0m[0mself[0m[1;33m,[0m [0mflags[0m[1;33m,[0m [0mmode[0m[1;33m=[0m[1;36m0o777[0m[1;33m)[0m[1;33m:[0m[1;33m[0m[1;33m[0m[0m

[1;31mFileNotFoundError[0m: [Errno 2] No such file or directory: 'C:\\Users\\U727148\\SSSP_ECE_poster\\figures\\sankey_models_plot.html'

